START pid=29624 utc=2026-08-17T07:10:58.4273342Z
FRAME 0000 elapsed_ms=68 rect=72,63,527,415
FRAME 0001 elapsed_ms=495 rect=72,63,527,440
FRAME 0002 elapsed_ms=912 rect=72,63,527,440
FRAME 0003 elapsed_ms=1345 rect=72,63,527,440
FRAME 0004 elapsed_ms=1778 rect=72,63,527,440
FRAME 0005 elapsed_ms=2195 rect=72,63,527,440
FRAME 0006 elapsed_ms=2611 rect=72,63,527,440
FRAME 0007 elapsed_ms=3051 rect=72,63,527,440
FRAME 0008 elapsed_ms=3479 rect=72,63,527,440
FRAME 0009 elapsed_ms=3912 rect=72,63,527,440
FRAME 0010 elapsed_ms=4350 rect=72,63,527,440
FRAME 0011 elapsed_ms=4778 rect=72,63,527,440
FRAME 0012 elapsed_ms=5200 rect=72,63,527,440
FRAME 0013 elapsed_ms=5628 rect=72,63,527,440
FRAME 0014 elapsed_ms=6065 rect=72,63,527,440
FRAME 0015 elapsed_ms=6495 rect=72,63,527,440
FRAME 0016 elapsed_ms=6936 rect=72,63,527,440
FRAME 0017 elapsed_ms=7363 rect=72,63,527,440
FRAME 0018 elapsed_ms=7794 rect=72,63,527,440
FRAME 0019 elapsed_ms=8229 rect=72,63,527,440
FRAME 0020 elapsed_ms=8667 rect=72,63,527,440
FRAME 0021 elapsed_ms=9095 rect=72,63,527,440
FRAME 0022 elapsed_ms=9517 rect=72,63,527,440
FRAME 0023 elapsed_ms=9945 rect=72,63,527,440
FRAME 0024 elapsed_ms=10378 rect=72,63,527,440
FRAME 0025 elapsed_ms=10812 rect=72,63,527,440
FRAME 0026 elapsed_ms=11246 rect=72,63,527,440
FRAME 0027 elapsed_ms=11667 rect=72,63,527,440
FRAME 0028 elapsed_ms=12094 rect=72,63,527,440
FRAME 0029 elapsed_ms=12517 rect=72,63,527,440
FRAME 0030 elapsed_ms=12945 rect=72,63,527,440
FRAME 0031 elapsed_ms=13378 rect=72,63,527,440
FRAME 0032 elapsed_ms=13811 rect=72,63,527,440
FRAME 0033 elapsed_ms=14229 rect=72,63,527,440
FRAME 0034 elapsed_ms=14650 rect=72,63,527,440
FRAME 0035 elapsed_ms=15078 rect=72,63,527,440
FRAME 0036 elapsed_ms=15512 rect=72,63,527,440
FRAME 0037 elapsed_ms=15946 rect=72,63,527,440
FRAME 0038 elapsed_ms=16361 rect=72,63,527,440
FRAME 0039 elapsed_ms=16779 rect=72,63,527,440
FRAME 0040 elapsed_ms=17212 rect=72,63,527,440
FRAME 0041 elapsed_ms=17650 rect=72,63,527,440
FRAME 0042 elapsed_ms=18078 rect=72,63,527,440
FRAME 0043 elapsed_ms=18516 rect=72,63,527,440
FRAME 0044 elapsed_ms=18946 rect=72,63,527,440
FRAME 0045 elapsed_ms=19363 rect=72,63,527,440
FRAME 0046 elapsed_ms=19796 rect=72,63,527,440
FRAME 0047 elapsed_ms=20228 rect=72,63,527,440
FRAME 0048 elapsed_ms=20667 rect=72,63,527,440
FRAME 0049 elapsed_ms=21095 rect=72,63,527,440
FRAME 0050 elapsed_ms=21529 rect=72,63,527,440
FRAME 0051 elapsed_ms=21968 rect=72,63,527,440
FRAME 0052 elapsed_ms=22395 rect=72,63,527,440
FRAME 0053 elapsed_ms=22812 rect=72,63,527,440
FRAME 0054 elapsed_ms=23228 rect=72,63,527,440
FRAME 0055 elapsed_ms=23651 rect=72,63,527,440
FRAME 0056 elapsed_ms=24079 rect=72,63,527,440
EXIT code=0 elapsed_s=24.490 frames=57
