START pid=24080 utc=2026-08-17T07:11:29.2444196Z
FRAME 0000 elapsed_ms=65 rect=34,25,277,340
FRAME 0001 elapsed_ms=493 rect=34,25,277,340
FRAME 0002 elapsed_ms=929 rect=34,25,277,340
FRAME 0003 elapsed_ms=1359 rect=34,25,277,340
FRAME 0004 elapsed_ms=1798 rect=34,25,277,340
FRAME 0005 elapsed_ms=2226 rect=34,25,277,340
FRAME 0006 elapsed_ms=2647 rect=34,25,277,340
FRAME 0007 elapsed_ms=3059 rect=34,25,277,340
FRAME 0008 elapsed_ms=3493 rect=34,25,277,340
FRAME 0009 elapsed_ms=3909 rect=34,25,277,340
FRAME 0010 elapsed_ms=4331 rect=34,25,277,340
FRAME 0011 elapsed_ms=4759 rect=34,25,277,340
FRAME 0012 elapsed_ms=5181 rect=34,25,277,340
FRAME 0013 elapsed_ms=5609 rect=34,25,277,340
FRAME 0014 elapsed_ms=6043 rect=34,25,277,340
FRAME 0015 elapsed_ms=6476 rect=34,25,277,340
FRAME 0016 elapsed_ms=6909 rect=34,25,277,340
FRAME 0017 elapsed_ms=7328 rect=34,25,277,340
FRAME 0018 elapsed_ms=7764 rect=34,25,277,340
FRAME 0019 elapsed_ms=8193 rect=34,25,277,340
FRAME 0020 elapsed_ms=8632 rect=34,25,277,340
FRAME 0021 elapsed_ms=9059 rect=34,25,277,340
FRAME 0022 elapsed_ms=9498 rect=34,25,277,340
FRAME 0023 elapsed_ms=9925 rect=34,25,277,340
FRAME 0024 elapsed_ms=10348 rect=34,25,277,340
FRAME 0025 elapsed_ms=10775 rect=34,25,277,340
FRAME 0026 elapsed_ms=11209 rect=34,25,277,340
FRAME 0027 elapsed_ms=11642 rect=34,25,277,340
FRAME 0028 elapsed_ms=12076 rect=34,25,277,340
FRAME 0029 elapsed_ms=12509 rect=34,25,277,340
FRAME 0030 elapsed_ms=12946 rect=34,25,277,340
FRAME 0031 elapsed_ms=13376 rect=34,25,277,340
FRAME 0032 elapsed_ms=13810 rect=34,25,277,340
FRAME 0033 elapsed_ms=14230 rect=34,25,277,340
FRAME 0034 elapsed_ms=14663 rect=34,25,277,340
FRAME 0035 elapsed_ms=15093 rect=34,25,277,340
FRAME 0036 elapsed_ms=15527 rect=34,25,277,340
FRAME 0037 elapsed_ms=15943 rect=34,25,277,340
FRAME 0038 elapsed_ms=16358 rect=34,25,277,340
FRAME 0039 elapsed_ms=16775 rect=34,25,277,340
FRAME 0040 elapsed_ms=17193 rect=34,25,277,340
FRAME 0041 elapsed_ms=17617 rect=34,25,277,340
FRAME 0042 elapsed_ms=18043 rect=34,25,277,340
FRAME 0043 elapsed_ms=18482 rect=34,25,277,340
FRAME 0044 elapsed_ms=18894 rect=34,25,277,340
FRAME 0045 elapsed_ms=19316 rect=34,25,277,340
EXIT code=0 elapsed_s=19.721 frames=46
