badge_visible	true
crop_bottom	250
crop_left	0
crop_right	340
crop_top	0
format_version	1
kept_caption	2 / 5
kept_page	1
node	MainNode
refused_page	2
scenario_version	1
schema_version	1
selector_page	1
status	ok
step	refused-flip-keeps-page
step1_caption	1 / 5
step1_page	0
step2_caption	2 / 5
step2_page	1
test	ScrapbookUI
tick	61
