=== head
7100814a Restore Toolbox button title inset
[35/36] Linking CXX executable tests/toolbox/LokaPaintDamage68K.code.bin
[36/36] Generating LokaPaintDamage68K.bin, LokaPaintDamage68K.APPL, LokaPaintDamage68K.dsk, LokaPaintDamage68K.ad, %LokaPaintDamage68K.ad
=== standalone fixed
Offscreen.Button PASS
Offscreen.Edit PASS
Offscreen.Popup PASS
Offscreen.Text PASS
button-enabled-exact PASS
button-enabled-presented-empty PASS
button-enabled-setup PASS
button-full-history-restored PASS
button-label-exact FAIL
button-label-presented-empty PASS
button-label-setup PASS
button-native-retired-refuses PASS
button-partial-history-refuses PASS
button-placement-refuses PASS
cell-ink-clipped-to-rect PASS
cell-only-dirty-replay PASS
cell-replay-clipped PASS
cell-replay-setup PASS
column-local-refusal PASS
column-local-refusal-cleared PASS
column-offscreen-sibling-exact PASS
column-offscreen-write-empty PASS
column-revealed-text-exact PASS
column-scroll-reveals-current-text PASS
column-visible-text-damage PASS
column-visible-text-exact PASS
contained-text-history PASS
edit-replay PASS
edittext-exact PASS
edittext-exact-setup PASS
edittext-native-retired-refuses PASS
edittext-placement-refuses PASS
edittext-presented-empty PASS
edittext-zstack-order PASS
edittext-zstack-order-setup PASS
history-first-clipped PASS
history-setup PASS
history-survives-clipped-render PASS
image-overlap-replay PASS
image-overlap-replay-setup PASS
offscreen-button-width-refuses PASS
offscreen-detach-setup PASS
offscreen-detached-refuses PASS
offscreen-placement-refuses PASS
paint-damage FAIL
plain-exact PASS
popup-detached-refuses PASS
popup-exact-setup PASS
popup-full-history-restored PASS
popup-history-first-clipped PASS
popup-history-setup PASS
popup-history-survives PASS
popup-layout-history-refuses PASS
popup-partial-history-refuses PASS
popup-placement-refuses PASS
popup-presented-empty PASS
popup-replay-geometry PASS
popup-replay-setup PASS
popup-selection-exact PASS
popup-sibling-exact PASS
popup-unreconciled-refuses PASS
row-text-relayout-keeps-seat PASS
row-text-seat-setup PASS
row-text-sibling-seated PASS
row-text-wider-exact PASS
scrollview-first-text-placement PASS
startup-text-baseline PASS
surface-bounds-clip PASS
text-clipped-to-viewport PASS
unknown-history PASS
viewport-exact PASS
viewport-scroll-replay PASS
viewport-scroll-replay-setup PASS
zstack-overlap-replay PASS
=== cells
scrapbook/startup | differs 214 | /home/cubenoy22/loka/build/mame-scenario/scrapbook/startup
scrapbook/open-first-page-refused | differs 214 | /home/cubenoy22/loka/build/mame-scenario/scrapbook/open-first-page-refused
scrapbook/flip-forward-back | differs 214 | /home/cubenoy22/loka/build/mame-scenario/scrapbook/flip-forward-back
scrapbook/refused-flip-keeps-page | differs 214 | /home/cubenoy22/loka/build/mame-scenario/scrapbook/refused-flip-keeps-page
scrapbook/open-text-page | differs 214 | /home/cubenoy22/loka/build/mame-scenario/scrapbook/open-text-page
scrapbook/open-text-page-refused | differs 214 | /home/cubenoy22/loka/build/mame-scenario/scrapbook/open-text-page-refused
helloworld/startup | differs 986 | /home/cubenoy22/loka/build/mame-scenario/helloworld/startup
helloworld/toggle-action-probe | differs 834 | /home/cubenoy22/loka/build/mame-scenario/helloworld/toggle-action-probe
helloworld/bmi-roundtrip | differs 986 | /home/cubenoy22/loka/build/mame-scenario/helloworld/bmi-roundtrip
tutorial/startup | pass | /home/cubenoy22/loka/build/mame-scenario/tutorial/startup
tutorial/increment-summary-toggle | differs 390 | /home/cubenoy22/loka/build/mame-scenario/tutorial/increment-summary-toggle
minesweeper/startup | differs 234 | /home/cubenoy22/loka/build/mame-scenario/minesweeper/startup
minesweeper/new-game-twice | differs 234 | /home/cubenoy22/loka/build/mame-scenario/minesweeper/new-game-twice
minesweeper/seeded-reveal | differs 234 | /home/cubenoy22/loka/build/mame-scenario/minesweeper/seeded-reveal
floppybird/startup | pass | /home/cubenoy22/loka/build/mame-scenario/floppybird/startup
floppybird/fixed-step-flaps | pass | /home/cubenoy22/loka/build/mame-scenario/floppybird/fixed-step-flaps
smirkbench/startup | differs 208 | /home/cubenoy22/loka/build/mame-scenario/smirkbench/startup
smirkbench/surface-ticks | differs 208 | /home/cubenoy22/loka/build/mame-scenario/smirkbench/surface-ticks
smirkbench/add-face | differs 208 | /home/cubenoy22/loka/build/mame-scenario/smirkbench/add-face
smirkbench/retained-text-rebind | differs 208 | /home/cubenoy22/loka/build/mame-scenario/smirkbench/retained-text-rebind
simpleviewer/startup | differs 1256 | /home/cubenoy22/loka/build/mame-scenario/simpleviewer/startup
simpleviewer/open-sun | differs 1256 | /home/cubenoy22/loka/build/mame-scenario/simpleviewer/open-sun
simpleviewer/open-bulb | differs 1256 | /home/cubenoy22/loka/build/mame-scenario/simpleviewer/open-bulb
simpleviewer/churn-replace | differs 1256 | /home/cubenoy22/loka/build/mame-scenario/simpleviewer/churn-replace
bake: possible
done exit=0
